<html>
<body>
<pre>
<h1>µVision Build Log</h1>
<h2>Tool Versions:</h2>
IDE-Version: µVision V5.39.0.0
Copyright (C) 2023 ARM Ltd and ARM Germany GmbH. All rights reserved.
License Information: Jay Goyal, BITS Pilani, LIC=----
 
Tool Versions:
Toolchain:       MDK-Lite  Version: 5.39.0.0
Toolchain Path:  C:\Keil_v5\ARM\ARM_Compiler_5.06u7\Bin
C Compiler:      Armcc.exe V5.06 update 7 (build 960)
Assembler:       Armasm.exe V5.06 update 7 (build 960)
Linker/Locator:  ArmLink.exe V5.06 update 7 (build 960)
Library Manager: ArmAr.exe V5.06 update 7 (build 960)
Hex Converter:   FromElf.exe V5.06 update 7 (build 960)
CPU DLL:         SARMCM3.DLL V5.39.0.0
Dialog DLL:      DCM.DLL V1.17.5.0
Target DLL:      STLink\ST-LINKIII-KEIL_SWO.dll V3.2.0.0
Dialog DLL:      TCM.DLL V1.56.4.0
 
<h2>Project:</h2>
C:\Users\Jay Goyal\Documents\SES_Labs\Assignment 2\Assign2.uvprojx
Project File Date:  04/04/2024

<h2>Output:</h2>
*** Using Compiler 'V5.06 update 7 (build 960)', folder: 'C:\Keil_v5\ARM\ARM_Compiler_5.06u7\Bin'
Rebuild target 'Target 1'
assembling startup_stm32f407xx.s...
compiling stm32f4xx_hal_cortex.c...
compiling stm32f4xx_hal_pwr_ex.c...
compiling stm32f4xx_hal_gpio.c...
compiling main.c...
main.c(35): warning:  #951-D: return type of function "main" must be "int"
  void main(void);
main.c(194): warning:  #951-D: return type of function "main" must be "int"
  void main(void) {
main.c(184): warning: A1581W: Added 2 bytes of padding at address 0x2a
main.c: 2 warnings, 0 errors
compiling system_stm32f4xx.c...
compiling stm32f4xx_hal_rcc_ex.c...
compiling stm32f4xx_hal.c...
compiling stm32f4xx_hal_rcc.c...
compiling stm32f4xx_hal_pwr.c...
linking...
Program Size: Code=3604 RO-data=476 RW-data=64 ZI-data=8864  
".\Objects\Assign2.axf" - 0 Error(s), 3 Warning(s).

<h2>Software Packages used:</h2>

Package Vendor: ARM
                http://www.keil.com/pack/ARM.CMSIS.5.9.0.pack
                ARM::CMSIS@5.9.0
                CMSIS (Common Microcontroller Software Interface Standard)
   * Component: CORE Version: 5.6.0

Package Vendor: Keil
                https://www.keil.com/pack/Keil.STM32F4xx_DFP.2.17.1.pack
                Keil::STM32F4xx_DFP@2.17.1
                STMicroelectronics STM32F4 Series Device Support, Drivers and Examples
   * Component: STM32Cube Framework Version: 1.0.0
   * Component: Classic Version: 1.8.1
   * Component: Common Version: 1.8.1
   * Component: Cortex Version: 1.8.1
   * Component: GPIO Version: 1.8.1
   * Component: PWR Version: 1.8.1
   * Component: RCC Version: 1.8.1
   * Component: Startup Version: 2.6.3

<h2>Collection of Component include folders:</h2>
  ./RTE/Device/STM32F407IGHx
  ./RTE/_Target_1
  C:/Users/Jay Goyal/AppData/Local/Arm/Packs/ARM/CMSIS/5.9.0/CMSIS/Core/Include
  C:/Users/Jay Goyal/AppData/Local/Arm/Packs/Keil/STM32F4xx_DFP/2.17.1/Drivers/CMSIS/Device/ST/STM32F4xx/Include
  C:/Users/Jay Goyal/AppData/Local/Arm/Packs/Keil/STM32F4xx_DFP/2.17.1/Drivers/STM32F4xx_HAL_Driver/Inc

<h2>Collection of Component Files used:</h2>

   * Component: ::Device:STM32Cube Framework(API)@1.0.0

   * Component: ARM::CMSIS:CORE@5.6.0

   * Component: Keil::Device:STM32Cube Framework:Classic@1.8.1
      Source file:   MDK/Templates/Src/stm32f4xx_hal_msp.c
      Include file:  MDK/Templates/Inc/main.h
      Source file:   MDK/Templates/Src/main.c
      Include file:  MDK/Templates/Inc/stm32f4xx_hal_conf.h
      Include file:  MDK/Templates/Inc/stm32f4xx_it.h
      Include file:  MDK/Templates_LL/Inc/main.h
      Include file:  CMSIS/Driver/Config/RTE_Device.h
      Source file:   MDK/Templates/Src/stm32f4xx_it.c
      Source file:   MDK/Templates_LL/Src/main.c

   * Component: Keil::Device:STM32Cube HAL:Common@1.8.1
      Include file:  Drivers/STM32F4xx_HAL_Driver/Inc/stm32f4xx_hal.h
      Source file:   Drivers/STM32F4xx_HAL_Driver/Src/stm32f4xx_hal.c

   * Component: Keil::Device:STM32Cube HAL:Cortex@1.8.1
      Source file:   Drivers/STM32F4xx_HAL_Driver/Src/stm32f4xx_hal_cortex.c

   * Component: Keil::Device:STM32Cube HAL:GPIO@1.8.1
      Source file:   Drivers/STM32F4xx_HAL_Driver/Src/stm32f4xx_hal_gpio.c

   * Component: Keil::Device:STM32Cube HAL:PWR@1.8.1
      Source file:   Drivers/STM32F4xx_HAL_Driver/Src/stm32f4xx_hal_pwr.c
      Source file:   Drivers/STM32F4xx_HAL_Driver/Src/stm32f4xx_hal_pwr_ex.c

   * Component: Keil::Device:STM32Cube HAL:RCC@1.8.1
      Source file:   Drivers/STM32F4xx_HAL_Driver/Src/stm32f4xx_hal_rcc.c
      Source file:   Drivers/STM32F4xx_HAL_Driver/Src/stm32f4xx_hal_rcc_ex.c

   * Component: Keil::Device:Startup@2.6.3
      Source file:   Drivers/CMSIS/Device/ST/STM32F4xx/Source/Templates/arm/startup_stm32f407xx.s
      Source file:   MDK/Device/Source/ARM/STM32F40xxx_41xxx_OPT.s
      Source file:   MDK/Device/Source/ARM/STM32F4xx_OTP.s
      Include file:  Drivers/CMSIS/Device/ST/STM32F4xx/Include/stm32f4xx.h
      Source file:   Drivers/CMSIS/Device/ST/STM32F4xx/Source/Templates/system_stm32f4xx.c
Build Time Elapsed:  00:00:03
</pre>
</body>
</html>
